[xray] probe: height 4816 canvases 0 tweens at load 0
[xray] probe done in 16 s
[xray] code: saved 7 scripts
[xray] code done in 42 s
[xray] bundle: modules saved 23
[xray] bundle done in 0 s
[xray] download failed https://breadandboxers.com/images/list/ullmatta-matta-avafors-beige-wollteppich-ullteppe-01-600x740.png.webp HTTP Error 404: Not Found
[xray] download failed https://breadandboxers.com/images/list/rund-matta-avafors-beige-wollteppich-ullteppe-01-600x607.png.webp <urlopen error [SSL: UNEXPECTED_EOF_WHILE_READING] EOF occurred in violation of 
[xray] download failed https://breadandboxers.com/images/list/ullmatta-matta-otago-natura-wollteppich-ullteppe-01-500x617.png.webp <urlopen error [SSL: UNEXPECTED_EOF_WHILE_READING] EOF occurred in violation of 
[xray] download failed https://breadandboxers.com/images/list/rund-matta-otago-natura-wollteppich-ullteppe-01-500x496.png.webp HTTP Error 404: Not Found
[xray] download failed https://breadandboxers.com/images/list/ullmatta-matta-coastal-cream-wollteppich-ullteppe-01-500x700.png.webp HTTP Error 404: Not Found
[xray] download failed https://breadandboxers.com/images/list/rund-matta-coastal-cream-wollteppich-ullteppe-01-500x508.png.webp <urlopen error [Errno 104] Connection reset by peer>
[xray] download failed https://breadandboxers.com/images/list/ullmatta-matta-cartmel-offwhite-wollteppich-ullteppe-01-600x860.png.webp HTTP Error 404: Not Found
[xray] download failed https://breadandboxers.com/images/list/rund-matta-cartmel-offwhite-wollteppich-ullteppe-01-600x576.png.webp HTTP Error 404: Not Found
[xray] download failed https://breadandboxers.com/images/list/ullmatta-matta-avafors-natural-wollteppich-ullteppe-01-500x650.png.webp HTTP Error 404: Not Found
[xray] download failed https://breadandboxers.com/images/list/rund-matta-avafors-natural-wollteppich-ullteppe-01-500x488.png.webp HTTP Error 404: Not Found
[xray] download failed https://breadandboxers.com/images/mini/keps-cap-black-river-cow-trucker-creme-brun-01.jpg.webp HTTP Error 404: Not Found
[xray] download failed https://breadandboxers.com/images/2x/mini/keps-cap-black-river-cow-trucker-creme-brun-01.jpg.webp <urlopen error [Errno 104] Connection reset by peer>
[xray] download failed https://breadandboxers.com/images/mini/keps-cap-black-river-midnight-trucker-svart-01.jpg.webp <urlopen error [SSL: UNEXPECTED_EOF_WHILE_READING] EOF occurred in violation of 
[xray] download failed https://breadandboxers.com/images/2x/mini/keps-cap-black-river-midnight-trucker-svart-01.jpg.webp HTTP Error 404: Not Found
[xray] download failed https://breadandboxers.com/images/mini/keps-black-river-1878-trucker-creme-rod-navy-01.jpg.webp HTTP Error 404: Not Found
[xray] download failed https://breadandboxers.com/images/2x/mini/keps-black-river-1878-trucker-creme-rod-navy-01.jpg.webp HTTP Error 404: Not Found
[xray] download failed https://breadandboxers.com/images/mini/keps-blackriver-texas-trucker-creme-navy-brun-01.jpg.webp HTTP Error 404: Not Found
[xray] download failed https://breadandboxers.com/images/2x/mini/keps-blackriver-texas-trucker-creme-navy-brun-01.jpg.webp <urlopen error [Errno 104] Connection reset by peer>
[xray] download failed https://breadandboxers.com/images/mini/keps-cap-black-river-wildlife-crew-trucker-beige-gron-brun-01.jpg.webp <urlopen error [Errno 104] Connection reset by peer>
[xray] download failed https://breadandboxers.com/images/2x/mini/keps-cap-black-river-wildlife-crew-trucker-beige-gron-brun-01.jpg.webp HTTP Error 404: Not Found
[xray] download failed https://breadandboxers.com/images/mini/keps-cap-black-river-falcon-trucker-creme-rod-svart-01.jpg.webp HTTP Error 404: Not Found
[xray] download failed https://breadandboxers.com/images/2x/mini/keps-cap-black-river-falcon-trucker-creme-rod-svart-01.jpg.webp HTTP Error 404: Not Found
[xray] download failed https://breadandboxers.com/images/mini/keps-blackrivergambler-trucker-offwhite-beige-navy-01.jpg.webp HTTP Error 404: Not Found
[xray] download failed https://breadandboxers.com/images/2x/mini/keps-blackrivergambler-trucker-offwhite-beige-navy-01.jpg.webp <urlopen error [SSL: UNEXPECTED_EOF_WHILE_READING] EOF occurred in violation of 
[xray] download failed https://breadandboxers.com/images/mini/keps-black-river-voyager-trucker-bla-01.jpg.webp HTTP Error 404: Not Found
[xray] download failed https://breadandboxers.com/images/2x/mini/keps-black-river-voyager-trucker-bla-01.jpg.webp HTTP Error 404: Not Found
[xray] download failed https://breadandboxers.com/images/mini/keps-cap-black-river-rebel-trucker-beige-gron-rod-01.jpg.webp HTTP Error 404: Not Found
[xray] download failed https://breadandboxers.com/images/2x/mini/keps-cap-black-river-rebel-trucker-beige-gron-rod-01.jpg.webp HTTP Error 404: Not Found
[xray] download failed https://breadandboxers.com/images/mini/keps-blackriver-frontier-trucker-offwhite-bla-rod-01.jpg.webp <urlopen error [Errno 104] Connection reset by peer>
[xray] download failed https://breadandboxers.com/images/2x/mini/keps-blackriver-frontier-trucker-offwhite-bla-rod-01.jpg.webp HTTP Error 404: Not Found
[xray] download failed https://breadandboxers.com/images/mini/keps-black-river-kayak-trucker-beige-orange-bla-01.jpg.webp HTTP Error 404: Not Found
[xray] download failed https://breadandboxers.com/images/2x/mini/keps-black-river-kayak-trucker-beige-orange-bla-01.jpg.webp <urlopen error [SSL: UNEXPECTED_EOF_WHILE_READING] EOF occurred in violation of 
[xray] download failed https://breadandboxers.com/images/mini/keps-blackriver-tradition-of-speed-trucker-beige-navy-rod-01.jpg.webp HTTP Error 404: Not Found
[xray] download failed https://breadandboxers.com/images/2x/mini/keps-blackriver-tradition-of-speed-trucker-beige-navy-rod-01.jpg.webp HTTP Error 404: Not Found
