[xray] probe: height 5801 canvases 0 tweens at load 0
[xray] probe done in 14 s
[xray] code: saved 45 scripts
[xray] code done in 26 s
[xray] bundle: modules saved 0
[xray] bundle done in 0 s
[xray] assets: 29 files, 4 fonts left out
[xray] assets done in 23 s
[xray] map desktop-1440 height 5801 sections 15 shots 18
[xray] map done in 41 s
[xray] map phone-390 height 5684 sections 15 shots 8
[xray] phone done in 23 s
[xray] motion: gsap tweens 0 triggers 0 | sampled moving elements 13 + load 1
[xray] motion done in 39 s
[xray] three: no canvases, skipped
[xray] three done in 0 s
[xray] pointer: cursor followers 0 hover targets 12 with changes 5
[xray] pointer done in 56 s
[xray] download failed https://www.unimaticwatches.com/account HTTP Error 302: The HTTP server returned a redirect error that would lead to an 
[xray] download failed https://www.unimaticwatches.com/xray-page-that-does-not-exist HTTP Error 404: Not Found
[xray] states: opened 5 routes 11
[xray] states done in 147 s
[xray] responsive: no layout change found across widths
[xray] responsive done in 123 s
[xray] a11y: images without alt 0 contrast pairs 10
[xray] a11y done in 12 s
[xray] weight: {'document': 63, 'stylesheet': 66, 'script': 1442, 'font': 132, 'image': 1063, 'fetch': 8, 'xhr': 9, 'ping': 0, 'other': 800} fps 61
[xray] weight done in 19 s
[xray] sheets: 4
[xray] sheets done in 2 s
[xray] build: effects 14 (gsap 0 , sampled 14 )
[xray] build done in 0 s
